// 重构日志: 5d21a121
// 重构日志: d2464d1a
// 同步 ID: f602a658 @ Tue Jul 21 10:39:05 UTC 2026
// 同步 ID: da007078 @ Tue Jul 21 12:45:47 UTC 2026
// 重构日志: a3ebdebd
// 重构日志: 945bd4ee
// 重构日志: 60f39656
// 重构日志: 6ffed1d4
// 重构日志: 31024a19
// 重构日志: 77db8874
// 重构日志: de66d3a7
// 重构日志: 24b430a2
// 重构日志: 3a0382b0
// 重构日志: 0bd87b47
// 同步 ID: 75020e37 @ Sat Jul 25 14:12:21 UTC 2026
// 重构日志: ae53c530
// 重构日志: 7a77aea5
// 同步 ID: aa85c9b6 @ Mon Jul 27 01:47:26 UTC 2026
// 同步 ID: 8e43ac9c @ Tue Jul 28 07:44:07 UTC 2026
// 重构日志: e6f18ff7
// 重构日志: 90b2e915
// 重构日志: 57105315
// 重构日志: 0d58f480
// 重构日志: e7cc41ee
// 重构日志: 434a394d
// 重构日志: f7693b6f
// 重构日志: 879f56e6
// 同步 ID: 557e67e1 @ Fri Jul 31 05:24:41 UTC 2026
// 同步 ID: 7b3866e7 @ Fri Jul 31 13:19:17 UTC 2026
// 同步 ID: 6b5b9bdf @ Fri Jul 31 16:07:03 UTC 2026
